---
source: tests/tests/core/game_over_tests.rs
assertion_line: 42
expression: "Summary::run(&response)"
---

command_list: 
    LoadScene: 
        scene_name: "Main"
        mode: Single
