---
source: tests/tests/core/create_game_tests.rs
assertion_line: 72
expression: "Summary::run(&response)"
---

    LoadScene: 
        scene_name: "Game"
        mode: Single
    UpdateGameView: 
        user: 
            side: Covenant
            player_info: 
            valid_rooms_to_visit: 
            mana: 0
            action_tracker: 0
            score: 0
            can_take_action: true
        opponent: 
            side: Riftcaller
            player_info: 
            valid_rooms_to_visit: 
            mana: 0
            action_tracker: 0
            score: 0
            can_take_action: false
        raid_active: false
        controls: 
            node: 
                text: "Keep"
                text: "Mulligan"
        card_anchor_nodes: 
        game_object_positions: 
            user_deck: 
                sorting_key: 1
                position: ObjectPositionDeckContainer { owner: User }
            opponent_deck: 
                sorting_key: 1
                position: ObjectPositionDeckContainer { owner: Opponent }
            user_character: 
                sorting_key: 1
                position: ObjectPositionCharacterContainer { owner: User }
            opponent_character: 
                sorting_key: 1
                position: ObjectPositionCharacterContainer { owner: Opponent }
            user_discard: 
                sorting_key: 1
                position: ObjectPositionDiscardPileContainer { owner: User }
            opponent_discard: 
                sorting_key: 1
                position: ObjectPositionDiscardPileContainer { owner: Opponent }
    cards: 
        card_id: O3
        revealed_to_viewer: true
        is_face_up: false
        card_icons: 
            top_left_icon: "1"
        arena_frame: "<SpriteAddress>"
        owning_player: User
        revealed_card: 
            card_frame: "<SpriteAddress>"
            title_background: "<SpriteAddress>"
            jewel: "<SpriteAddress>"
            image: "<SpriteAddress>"
            title: "Test Ritual"
            rules_text: "<RulesText>"
            targeting: 
                can_play: false
            on_release_position: 
                sorting_key: 101
                position: ObjectPositionStaging
        card_id: O7
        revealed_to_viewer: true
        is_face_up: false
        card_icons: 
            top_left_icon: "1"
        arena_frame: "<SpriteAddress>"
        owning_player: User
        revealed_card: 
            card_frame: "<SpriteAddress>"
            title_background: "<SpriteAddress>"
            jewel: "<SpriteAddress>"
            image: "<SpriteAddress>"
            title: "Test Ritual"
            rules_text: "<RulesText>"
            targeting: 
                can_play: false
            on_release_position: 
                sorting_key: 101
                position: ObjectPositionStaging
        card_id: O8
        revealed_to_viewer: true
        is_face_up: false
        card_icons: 
            top_left_icon: "1"
        arena_frame: "<SpriteAddress>"
        owning_player: User
        revealed_card: 
            card_frame: "<SpriteAddress>"
            title_background: "<SpriteAddress>"
            jewel: "<SpriteAddress>"
            image: "<SpriteAddress>"
            title: "Test Ritual"
            rules_text: "<RulesText>"
            targeting: 
                can_play: false
            on_release_position: 
                sorting_key: 101
                position: ObjectPositionStaging
        card_id: O24
        revealed_to_viewer: true
        is_face_up: false
        card_icons: 
            top_left_icon: "1"
        arena_frame: "<SpriteAddress>"
        owning_player: User
        revealed_card: 
            card_frame: "<SpriteAddress>"
            title_background: "<SpriteAddress>"
            jewel: "<SpriteAddress>"
            image: "<SpriteAddress>"
            title: "Test Ritual"
            rules_text: "<RulesText>"
            targeting: 
                can_play: false
            on_release_position: 
                sorting_key: 101
                position: ObjectPositionStaging
        card_id: O35
        revealed_to_viewer: true
        is_face_up: false
        card_icons: 
            top_left_icon: "1"
        arena_frame: "<SpriteAddress>"
        owning_player: User
        revealed_card: 
            card_frame: "<SpriteAddress>"
            title_background: "<SpriteAddress>"
            jewel: "<SpriteAddress>"
            image: "<SpriteAddress>"
            title: "Test Ritual"
            rules_text: "<RulesText>"
            targeting: 
                can_play: false
            on_release_position: 
                sorting_key: 101
                position: ObjectPositionStaging
        card_id: C9
        revealed_to_viewer: false
        is_face_up: false
        card_icons: 
        arena_frame: "<SpriteAddress>"
        owning_player: Opponent
        card_id: C16
        revealed_to_viewer: false
        is_face_up: false
        card_icons: 
        arena_frame: "<SpriteAddress>"
        owning_player: Opponent
        card_id: C22
        revealed_to_viewer: false
        is_face_up: false
        card_icons: 
        arena_frame: "<SpriteAddress>"
        owning_player: Opponent
        card_id: C28
        revealed_to_viewer: false
        is_face_up: false
        card_icons: 
        arena_frame: "<SpriteAddress>"
        owning_player: Opponent
        card_id: C42
        revealed_to_viewer: false
        is_face_up: false
        card_icons: 
        arena_frame: "<SpriteAddress>"
        owning_player: Opponent
