---
source: tests/tests/core/raid_tests.rs
assertion_line: 374
expression: "Summary::summarize(&response)"
---

command_list: 
    UpdateGameView: 
        user: 
            side: Riftcaller
            player_info: 
            valid_rooms_to_visit: 
            mana: 996
            action_tracker: 3
            score: 0
            can_take_action: true
        opponent: 
            side: Covenant
            player_info: 
            valid_rooms_to_visit: 
            mana: 999
            action_tracker: 0
            score: 0
            can_take_action: false
        raid_active: true
        controls: 
            node: 
                text: "End Raid"
        card_anchor_nodes: 
        game_object_positions: 
            user_deck: 
                sorting_key: 1
                position: ObjectPositionDeckContainer { owner: User }
            opponent_deck: 
                sorting_key: 1
                position: ObjectPositionDeckContainer { owner: Opponent }
            user_character: 
                sorting_key: 1
                position: ObjectPositionCharacterContainer { owner: User }
            opponent_character: 
                sorting_key: 1
                position: ObjectPositionCharacterContainer { owner: Opponent }
            user_discard: 
                sorting_key: 1
                position: ObjectPositionDiscardPileContainer { owner: User }
            opponent_discard: 
                sorting_key: 1
                position: ObjectPositionDiscardPileContainer { owner: Opponent }
    cards: 
        card_id: O44
        revealed_to_viewer: true
        is_face_up: false
        card_icons: 
            top_left_icon: "2"
            bottom_right_icon: "3"
        arena_frame: "<SpriteAddress>"
        owning_player: Opponent
        revealed_card: 
            card_frame: "<SpriteAddress>"
            title_background: "<SpriteAddress>"
            jewel: "<SpriteAddress>"
            image: "<SpriteAddress>"
            title: "Test Project 2 Cost 3 Raze"
            rules_text: "<RulesText>"
            targeting: 
            valid_rooms: 
            on_release_position: 
                sorting_key: 101
                position: ObjectPositionRoom { room_id: Unspecified, room_location: Back }
channel_response: 
    UpdateGameView: 
        user: 
            side: Covenant
            player_info: 
            valid_rooms_to_visit: 
            mana: 999
            action_tracker: 0
            score: 0
            can_take_action: false
        opponent: 
            side: Riftcaller
            player_info: 
            valid_rooms_to_visit: 
            mana: 996
            action_tracker: 3
            score: 0
            can_take_action: true
        raid_active: true
        game_object_positions: 
            user_deck: 
                sorting_key: 1
                position: ObjectPositionDeckContainer { owner: User }
            opponent_deck: 
                sorting_key: 1
                position: ObjectPositionDeckContainer { owner: Opponent }
            user_character: 
                sorting_key: 1
                position: ObjectPositionCharacterContainer { owner: User }
            opponent_character: 
                sorting_key: 1
                position: ObjectPositionCharacterContainer { owner: Opponent }
            user_discard: 
                sorting_key: 1
                position: ObjectPositionDiscardPileContainer { owner: User }
            opponent_discard: 
                sorting_key: 1
                position: ObjectPositionDiscardPileContainer { owner: Opponent }
    cards: 
        card_id: O44
        revealed_to_viewer: true
        is_face_up: false
        card_icons: 
            top_left_icon: "2"
            bottom_right_icon: "3"
        arena_frame: "<SpriteAddress>"
        owning_player: User
        revealed_card: 
            card_frame: "<SpriteAddress>"
            title_background: "<SpriteAddress>"
            jewel: "<SpriteAddress>"
            image: "<SpriteAddress>"
            title: "Test Project 2 Cost 3 Raze"
            rules_text: "<RulesText>"
            targeting: 
            valid_rooms: 
            on_release_position: 
                sorting_key: 101
                position: ObjectPositionRoom { room_id: Unspecified, room_location: Back }
