---
source: tests/tests/core/action_tests.rs
assertion_line: 207
expression: "Summary::run(&response)"
---

command_list: 
    UpdateGameView: 
        user: 
            side: Overlord
            player_info: 
            valid_rooms_to_visit: 
            mana: 6
            action_tracker: 2
            score: 0
            can_take_action: true
        opponent: 
            side: Champion
            player_info: 
            valid_rooms_to_visit: 
            mana: 999
            action_tracker: 0
            score: 0
            can_take_action: false
        raid_active: false
        game_object_positions: 
            user_deck: 
                sorting_key: 1
                position: ObjectPositionDeckContainer { owner: User }
            opponent_deck: 
                sorting_key: 1
                position: ObjectPositionDeckContainer { owner: Opponent }
            user_character: 
                sorting_key: 1
                position: ObjectPositionCharacterContainer { owner: User }
            opponent_character: 
                sorting_key: 1
                position: ObjectPositionCharacterContainer { owner: Opponent }
            user_discard: 
                sorting_key: 1
                position: ObjectPositionDiscardPileContainer { owner: User }
            opponent_discard: 
                sorting_key: 1
                position: ObjectPositionDiscardPileContainer { owner: Opponent }
    cards: 
channel_response: 
    UpdateGameView: 
        user: 
            side: Champion
            player_info: 
            valid_rooms_to_visit: 
            mana: 999
            action_tracker: 0
            score: 0
            can_take_action: false
        opponent: 
            side: Overlord
            player_info: 
            valid_rooms_to_visit: 
            mana: 6
            action_tracker: 2
            score: 0
            can_take_action: true
        raid_active: false
        game_object_positions: 
            user_deck: 
                sorting_key: 1
                position: ObjectPositionDeckContainer { owner: User }
            opponent_deck: 
                sorting_key: 1
                position: ObjectPositionDeckContainer { owner: Opponent }
            user_character: 
                sorting_key: 1
                position: ObjectPositionCharacterContainer { owner: User }
            opponent_character: 
                sorting_key: 1
                position: ObjectPositionCharacterContainer { owner: Opponent }
            user_discard: 
                sorting_key: 1
                position: ObjectPositionDiscardPileContainer { owner: User }
            opponent_discard: 
                sorting_key: 1
                position: ObjectPositionDiscardPileContainer { owner: Opponent }
    cards: 
