---
source: tests/tests/core/create_game_tests.rs
assertion_line: 51
expression: "Summary::run(&response)"
---

command_list: 
    RenderScreenOverlay: "<ScreenOverlay>"
