---
source: tests/tests/core/action_tests.rs
assertion_line: 57
expression: "Summary::run(&r3)"
---

    LoadScene: 
        scene_name: "Game"
        mode: Single
    UpdateGameView: 
        user: 
            side: Champion
            player_info: 
            valid_rooms_to_visit: 
            mana: 999
            action_tracker: 0
            score: 0
            can_take_action: false
        opponent: 
            side: Overlord
            player_info: 
            valid_rooms_to_visit: 
            mana: 999
            action_tracker: 2
            score: 0
            can_take_action: true
        raid_active: false
        game_object_positions: 
            user_deck: 
                sorting_key: 1
                position: ObjectPositionDeckContainer { owner: User }
            opponent_deck: 
                sorting_key: 1
                position: ObjectPositionDeckContainer { owner: Opponent }
            user_leader: 
                sorting_key: 1
                position: ObjectPositionLeaderContainer { owner: User }
            opponent_leader: 
                sorting_key: 1
                position: ObjectPositionLeaderContainer { owner: Opponent }
            user_discard: 
                sorting_key: 1
                position: ObjectPositionDiscardPileContainer { owner: User }
            opponent_discard: 
                sorting_key: 1
                position: ObjectPositionDiscardPileContainer { owner: Opponent }
    cards: 
        card_id: O0
        revealed_to_viewer: true
        is_face_up: true
        card_icons: 
        arena_frame: "<SpriteAddress>"
        owning_player: Opponent
        revealed_card: 
            card_frame: "<SpriteAddress>"
            title_background: "<SpriteAddress>"
            jewel: "<SpriteAddress>"
            image: "<SpriteAddress>"
            title: "Test Overlord Leader"
            rules_text: "<RulesText>"
            targeting: 
                can_play: false
            on_release_position: 
                sorting_key: 101
                position: ObjectPositionStaging
        card_id: O1
        revealed_to_viewer: false
        is_face_up: false
        card_icons: 
        arena_frame: "<SpriteAddress>"
        owning_player: Opponent
        card_id: C0
        revealed_to_viewer: true
        is_face_up: true
        card_icons: 
        arena_frame: "<SpriteAddress>"
        owning_player: User
        revealed_card: 
            card_frame: "<SpriteAddress>"
            title_background: "<SpriteAddress>"
            jewel: "<SpriteAddress>"
            image: "<SpriteAddress>"
            title: "Test Champion Leader"
            rules_text: "<RulesText>"
            targeting: 
                can_play: false
            on_release_position: 
                sorting_key: 101
                position: ObjectPositionStaging
    UpdatePanels: 
    panels: "<Panel>"
    UpdatePanels: 
    panels: "<Panel>"
    RenderScreenOverlay: "<ScreenOverlay>"
