---
source: tests/tests/core/action_tests.rs
assertion_line: 67
expression: "Summary::run(&response)"
---

command_list: 
    UpdateGameView: 
        user: 
            side: Overlord
            player_info: 
            valid_rooms_to_visit: 
            mana: 999
            action_tracker: 2
            score: 0
            can_take_action: true
        opponent: 
            side: Champion
            player_info: 
            valid_rooms_to_visit: 
            mana: 999
            action_tracker: 0
            score: 0
            can_take_action: false
        raid_active: false
        game_object_positions: 
            user_deck: 
                sorting_key: 1
                position: ObjectPositionDeckContainer { owner: User }
            opponent_deck: 
                sorting_key: 1
                position: ObjectPositionDeckContainer { owner: Opponent }
            user_character: 
                sorting_key: 1
                position: ObjectPositionCharacterContainer { owner: User }
            opponent_character: 
                sorting_key: 1
                position: ObjectPositionCharacterContainer { owner: Opponent }
            user_discard: 
                sorting_key: 1
                position: ObjectPositionDiscardPileContainer { owner: User }
            opponent_discard: 
                sorting_key: 1
                position: ObjectPositionDiscardPileContainer { owner: Opponent }
    cards: 
        card_id: O0
        revealed_to_viewer: true
        is_face_up: false
        card_icons: 
            top_left_icon: "3"
            bottom_left_icon: "1"
            bottom_right_icon: "5"
        arena_frame: "<SpriteAddress>"
        owning_player: User
        revealed_card: 
            card_frame: "<SpriteAddress>"
            title_background: "<SpriteAddress>"
            jewel: "<SpriteAddress>"
            image: "<SpriteAddress>"
            title: "Test Minion Deal Damage End Raid"
            rules_text: "<RulesText>"
            targeting: 
            valid_rooms: 
            on_release_position: 
                sorting_key: 101
                position: ObjectPositionRoom { room_id: Unspecified, room_location: Front }
    MoveGameObjects: 
        id: O0
        position: 
            sorting_key: 1
            position: ObjectPositionRevealedCards { size: Small }
    UpdateGameView: 
        user: 
            side: Overlord
            player_info: 
            valid_rooms_to_visit: 
            mana: 999
            action_tracker: 2
            score: 0
            can_take_action: true
        opponent: 
            side: Champion
            player_info: 
            valid_rooms_to_visit: 
            mana: 999
            action_tracker: 0
            score: 0
            can_take_action: false
        raid_active: false
        game_object_positions: 
            user_deck: 
                sorting_key: 1
                position: ObjectPositionDeckContainer { owner: User }
            opponent_deck: 
                sorting_key: 1
                position: ObjectPositionDeckContainer { owner: Opponent }
            user_character: 
                sorting_key: 1
                position: ObjectPositionCharacterContainer { owner: User }
            opponent_character: 
                sorting_key: 1
                position: ObjectPositionCharacterContainer { owner: Opponent }
            user_discard: 
                sorting_key: 1
                position: ObjectPositionDiscardPileContainer { owner: User }
            opponent_discard: 
                sorting_key: 1
                position: ObjectPositionDiscardPileContainer { owner: Opponent }
    cards: 
        card_id: O0
        revealed_to_viewer: true
        is_face_up: false
        card_icons: 
            top_left_icon: "3"
            bottom_left_icon: "1"
            bottom_right_icon: "5"
        arena_frame: "<SpriteAddress>"
        owning_player: User
        revealed_card: 
            card_frame: "<SpriteAddress>"
            title_background: "<SpriteAddress>"
            jewel: "<SpriteAddress>"
            image: "<SpriteAddress>"
            title: "Test Minion Deal Damage End Raid"
            rules_text: "<RulesText>"
            targeting: 
            valid_rooms: VaultSanctumCryptRoomARoomBRoomCRoomDRoomE
            on_release_position: 
                sorting_key: 101
                position: ObjectPositionRoom { room_id: Unspecified, room_location: Front }
channel_response: 
    UpdateGameView: 
        user: 
            side: Champion
            player_info: 
            valid_rooms_to_visit: 
            mana: 999
            action_tracker: 0
            score: 0
            can_take_action: false
        opponent: 
            side: Overlord
            player_info: 
            valid_rooms_to_visit: 
            mana: 999
            action_tracker: 2
            score: 0
            can_take_action: true
        raid_active: false
        game_object_positions: 
            user_deck: 
                sorting_key: 1
                position: ObjectPositionDeckContainer { owner: User }
            opponent_deck: 
                sorting_key: 1
                position: ObjectPositionDeckContainer { owner: Opponent }
            user_character: 
                sorting_key: 1
                position: ObjectPositionCharacterContainer { owner: User }
            opponent_character: 
                sorting_key: 1
                position: ObjectPositionCharacterContainer { owner: Opponent }
            user_discard: 
                sorting_key: 1
                position: ObjectPositionDiscardPileContainer { owner: User }
            opponent_discard: 
                sorting_key: 1
                position: ObjectPositionDiscardPileContainer { owner: Opponent }
    cards: 
        card_id: O0
        revealed_to_viewer: false
        is_face_up: false
        card_icons: 
        arena_frame: "<SpriteAddress>"
        owning_player: Opponent
    UpdateGameView: 
        user: 
            side: Champion
            player_info: 
            valid_rooms_to_visit: 
            mana: 999
            action_tracker: 0
            score: 0
            can_take_action: false
        opponent: 
            side: Overlord
            player_info: 
            valid_rooms_to_visit: 
            mana: 999
            action_tracker: 2
            score: 0
            can_take_action: true
        raid_active: false
        game_object_positions: 
            user_deck: 
                sorting_key: 1
                position: ObjectPositionDeckContainer { owner: User }
            opponent_deck: 
                sorting_key: 1
                position: ObjectPositionDeckContainer { owner: Opponent }
            user_character: 
                sorting_key: 1
                position: ObjectPositionCharacterContainer { owner: User }
            opponent_character: 
                sorting_key: 1
                position: ObjectPositionCharacterContainer { owner: Opponent }
            user_discard: 
                sorting_key: 1
                position: ObjectPositionDiscardPileContainer { owner: User }
            opponent_discard: 
                sorting_key: 1
                position: ObjectPositionDiscardPileContainer { owner: Opponent }
    cards: 
        card_id: O0
        revealed_to_viewer: false
        is_face_up: false
        card_icons: 
        arena_frame: "<SpriteAddress>"
        owning_player: Opponent
